Archive member included to satisfy reference by file (symbol)

c:/program files (x86)/atmel/studio/7.0/toolchain/avr8/avr8-gnu-toolchain/bin/../lib/gcc/avr/5.4.0/../../../../avr/lib/avr5\libm.a(divsf3.o)
                              HAL/LM35/lm35_sensor.o (__divsf3)
c:/program files (x86)/atmel/studio/7.0/toolchain/avr8/avr8-gnu-toolchain/bin/../lib/gcc/avr/5.4.0/../../../../avr/lib/avr5\libm.a(divsf3x.o)
                              c:/program files (x86)/atmel/studio/7.0/toolchain/avr8/avr8-gnu-toolchain/bin/../lib/gcc/avr/5.4.0/../../../../avr/lib/avr5\libm.a(divsf3.o) (__divsf3x)
c:/program files (x86)/atmel/studio/7.0/toolchain/avr8/avr8-gnu-toolchain/bin/../lib/gcc/avr/5.4.0/../../../../avr/lib/avr5\libm.a(fixunssfsi.o)
                              HAL/LM35/lm35_sensor.o (__fixunssfsi)
c:/program files (x86)/atmel/studio/7.0/toolchain/avr8/avr8-gnu-toolchain/bin/../lib/gcc/avr/5.4.0/../../../../avr/lib/avr5\libm.a(floatsisf.o)
                              HAL/LM35/lm35_sensor.o (__floatunsisf)
c:/program files (x86)/atmel/studio/7.0/toolchain/avr8/avr8-gnu-toolchain/bin/../lib/gcc/avr/5.4.0/../../../../avr/lib/avr5\libm.a(fp_inf.o)
                              c:/program files (x86)/atmel/studio/7.0/toolchain/avr8/avr8-gnu-toolchain/bin/../lib/gcc/avr/5.4.0/../../../../avr/lib/avr5\libm.a(divsf3x.o) (__fp_inf)
c:/program files (x86)/atmel/studio/7.0/toolchain/avr8/avr8-gnu-toolchain/bin/../lib/gcc/avr/5.4.0/../../../../avr/lib/avr5\libm.a(fp_nan.o)
                              c:/program files (x86)/atmel/studio/7.0/toolchain/avr8/avr8-gnu-toolchain/bin/../lib/gcc/avr/5.4.0/../../../../avr/lib/avr5\libm.a(divsf3x.o) (__fp_nan)
c:/program files (x86)/atmel/studio/7.0/toolchain/avr8/avr8-gnu-toolchain/bin/../lib/gcc/avr/5.4.0/../../../../avr/lib/avr5\libm.a(fp_pscA.o)
                              c:/program files (x86)/atmel/studio/7.0/toolchain/avr8/avr8-gnu-toolchain/bin/../lib/gcc/avr/5.4.0/../../../../avr/lib/avr5\libm.a(divsf3x.o) (__fp_pscA)
c:/program files (x86)/atmel/studio/7.0/toolchain/avr8/avr8-gnu-toolchain/bin/../lib/gcc/avr/5.4.0/../../../../avr/lib/avr5\libm.a(fp_pscB.o)
                              c:/program files (x86)/atmel/studio/7.0/toolchain/avr8/avr8-gnu-toolchain/bin/../lib/gcc/avr/5.4.0/../../../../avr/lib/avr5\libm.a(divsf3x.o) (__fp_pscB)
c:/program files (x86)/atmel/studio/7.0/toolchain/avr8/avr8-gnu-toolchain/bin/../lib/gcc/avr/5.4.0/../../../../avr/lib/avr5\libm.a(fp_round.o)
                              c:/program files (x86)/atmel/studio/7.0/toolchain/avr8/avr8-gnu-toolchain/bin/../lib/gcc/avr/5.4.0/../../../../avr/lib/avr5\libm.a(divsf3.o) (__fp_round)
c:/program files (x86)/atmel/studio/7.0/toolchain/avr8/avr8-gnu-toolchain/bin/../lib/gcc/avr/5.4.0/../../../../avr/lib/avr5\libm.a(fp_split3.o)
                              c:/program files (x86)/atmel/studio/7.0/toolchain/avr8/avr8-gnu-toolchain/bin/../lib/gcc/avr/5.4.0/../../../../avr/lib/avr5\libm.a(divsf3x.o) (__fp_split3)
c:/program files (x86)/atmel/studio/7.0/toolchain/avr8/avr8-gnu-toolchain/bin/../lib/gcc/avr/5.4.0/../../../../avr/lib/avr5\libm.a(fp_zero.o)
                              c:/program files (x86)/atmel/studio/7.0/toolchain/avr8/avr8-gnu-toolchain/bin/../lib/gcc/avr/5.4.0/../../../../avr/lib/avr5\libm.a(fixunssfsi.o) (__fp_zero)
c:/program files (x86)/atmel/studio/7.0/toolchain/avr8/avr8-gnu-toolchain/bin/../lib/gcc/avr/5.4.0/../../../../avr/lib/avr5\libm.a(mulsf3.o)
                              HAL/LM35/lm35_sensor.o (__mulsf3)
c:/program files (x86)/atmel/studio/7.0/toolchain/avr8/avr8-gnu-toolchain/bin/../lib/gcc/avr/5.4.0/../../../../avr/lib/avr5\libm.a(mulsf3x.o)
                              c:/program files (x86)/atmel/studio/7.0/toolchain/avr8/avr8-gnu-toolchain/bin/../lib/gcc/avr/5.4.0/../../../../avr/lib/avr5\libm.a(mulsf3.o) (__mulsf3x)
c:/program files (x86)/atmel/studio/7.0/toolchain/avr8/avr8-gnu-toolchain/bin/../lib/gcc/avr/5.4.0/avr5\libgcc.a(_udivmodsi4.o)
                              HAL/LCD/LCD_prog.o (__udivmodsi4)
c:/program files (x86)/atmel/studio/7.0/toolchain/avr8/avr8-gnu-toolchain/bin/../lib/gcc/avr/5.4.0/avr5\libgcc.a(_exit.o)
                              C:/Program Files (x86)/Atmel/Studio/7.0/Packs/atmel/ATmega_DFP/1.7.374/gcc/dev/atmega32/avr5/crtatmega32.o (exit)
c:/program files (x86)/atmel/studio/7.0/toolchain/avr8/avr8-gnu-toolchain/bin/../lib/gcc/avr/5.4.0/avr5\libgcc.a(_copy_data.o)
                              APP/TaskHandler.o (__do_copy_data)
c:/program files (x86)/atmel/studio/7.0/toolchain/avr8/avr8-gnu-toolchain/bin/../lib/gcc/avr/5.4.0/avr5\libgcc.a(_clear_bss.o)
                              APP/TaskHandler.o (__do_clear_bss)
c:/program files (x86)/atmel/studio/7.0/toolchain/avr8/avr8-gnu-toolchain/bin/../lib/gcc/avr/5.4.0/avr5\libgcc.a(_umulhisi3.o)
                              HAL/LM35/lm35_sensor.o (__umulhisi3)
c:/program files (x86)/atmel/studio/7.0/toolchain/avr8/avr8-gnu-toolchain/bin/../lib/gcc/avr/5.4.0/../../../../avr/lib/avr5\libc.a(memcpy.o)
                              FreeRtos/queue.o (memcpy)

Allocating common symbols
Common symbol       size              file

tempQueue           0x2               APP/TaskHandler.o
PassCheckQueue      0x2               APP/TaskHandler.o
passQueue           0x2               APP/TaskHandler.o
lcdSemaphore        0x2               APP/TaskHandler.o

Discarded input sections

 .data          0x00000000        0x0 C:/Program Files (x86)/Atmel/Studio/7.0/Packs/atmel/ATmega_DFP/1.7.374/gcc/dev/atmega32/avr5/crtatmega32.o
 .bss           0x00000000        0x0 C:/Program Files (x86)/Atmel/Studio/7.0/Packs/atmel/ATmega_DFP/1.7.374/gcc/dev/atmega32/avr5/crtatmega32.o
 .text          0x00000000        0x0 APP/main.o
 .data          0x00000000        0x0 APP/main.o
 .bss           0x00000000        0x0 APP/main.o
 .text          0x00000000        0x0 APP/TaskHandler.o
 .data          0x00000000        0x0 APP/TaskHandler.o
 .bss           0x00000000        0x0 APP/TaskHandler.o
 .text.lcdPassTask
                0x00000000       0x5a APP/TaskHandler.o
 .text          0x00000000        0x0 FreeRtos/heap_2.o
 .data          0x00000000        0x0 FreeRtos/heap_2.o
 .bss           0x00000000        0x0 FreeRtos/heap_2.o
 .text.xPortGetFreeHeapSize
                0x00000000        0xa FreeRtos/heap_2.o
 .text.vPortInitialiseBlocks
                0x00000000        0x2 FreeRtos/heap_2.o
 .text          0x00000000        0x0 FreeRtos/list.o
 .data          0x00000000        0x0 FreeRtos/list.o
 .bss           0x00000000        0x0 FreeRtos/list.o
 .text          0x00000000        0x0 FreeRtos/port.o
 .data          0x00000000        0x0 FreeRtos/port.o
 .bss           0x00000000        0x0 FreeRtos/port.o
 .text.vPortEndScheduler
                0x00000000        0x2 FreeRtos/port.o
 .text          0x00000000        0x0 FreeRtos/queue.o
 .data          0x00000000        0x0 FreeRtos/queue.o
 .bss           0x00000000        0x0 FreeRtos/queue.o
 .text.prvInitialiseMutex
                0x00000000       0x20 FreeRtos/queue.o
 .text.xQueueCreateMutex
                0x00000000       0x1c FreeRtos/queue.o
 .text.xQueueGenericSendFromISR
                0x00000000       0x74 FreeRtos/queue.o
 .text.xQueueGiveFromISR
                0x00000000       0x52 FreeRtos/queue.o
 .text.xQueueReceiveFromISR
                0x00000000       0x6e FreeRtos/queue.o
 .text.xQueuePeekFromISR
                0x00000000       0x2e FreeRtos/queue.o
 .text.uxQueueMessagesWaiting
                0x00000000       0x10 FreeRtos/queue.o
 .text.uxQueueSpacesAvailable
                0x00000000       0x16 FreeRtos/queue.o
 .text.uxQueueMessagesWaitingFromISR
                0x00000000        0x6 FreeRtos/queue.o
 .text.vQueueDelete
                0x00000000        0x6 FreeRtos/queue.o
 .text.xQueueIsQueueEmptyFromISR
                0x00000000       0x10 FreeRtos/queue.o
 .text.xQueueIsQueueFullFromISR
                0x00000000       0x12 FreeRtos/queue.o
 .text.xQueueCRSend
                0x00000000       0x80 FreeRtos/queue.o
 .text.xQueueCRReceive
                0x00000000       0x92 FreeRtos/queue.o
 .text.xQueueCRSendFromISR
                0x00000000       0x4c FreeRtos/queue.o
 .text.xQueueCRReceiveFromISR
                0x00000000       0x82 FreeRtos/queue.o
 .text          0x00000000        0x0 FreeRtos/tasks.o
 .data          0x00000000        0x0 FreeRtos/tasks.o
 .bss           0x00000000        0x0 FreeRtos/tasks.o
 .text.prvTaskIsTaskSuspended
                0x00000000       0x2e FreeRtos/tasks.o
 .text.vTaskPrioritySet
                0x00000000       0xfc FreeRtos/tasks.o
 .text.vTaskResume
                0x00000000       0x84 FreeRtos/tasks.o
 .text.xTaskResumeFromISR
                0x00000000       0x90 FreeRtos/tasks.o
 .text.vTaskEndScheduler
                0x00000000        0xc FreeRtos/tasks.o
 .text.xTaskGetTickCount
                0x00000000       0x14 FreeRtos/tasks.o
 .text.xTaskGetTickCountFromISR
                0x00000000        0xa FreeRtos/tasks.o
 .text.uxTaskGetNumberOfTasks
                0x00000000        0x6 FreeRtos/tasks.o
 .text.pcTaskGetName
                0x00000000       0x10 FreeRtos/tasks.o
 .text.vTaskDelayUntil
                0x00000000       0x82 FreeRtos/tasks.o
 .text.vTaskSuspend
                0x00000000       0x9c FreeRtos/tasks.o
 .text.vTaskPlaceOnUnorderedEventList
                0x00000000       0x32 FreeRtos/tasks.o
 .text.xTaskRemoveFromUnorderedEventList
                0x00000000       0x74 FreeRtos/tasks.o
 .text.xTaskGetCurrentTaskHandle
                0x00000000        0xa FreeRtos/tasks.o
 .text.uxTaskResetEventItemValue
                0x00000000       0x2e FreeRtos/tasks.o
 .text.ulTaskNotifyTake
                0x00000000       0xae FreeRtos/tasks.o
 .text.xTaskNotifyWait
                0x00000000      0x108 FreeRtos/tasks.o
 .text.xTaskGenericNotify
                0x00000000      0x10a FreeRtos/tasks.o
 .text.xTaskGenericNotifyFromISR
                0x00000000      0x130 FreeRtos/tasks.o
 .text.vTaskNotifyGiveFromISR
                0x00000000       0xb6 FreeRtos/tasks.o
 .text.xTaskNotifyStateClear
                0x00000000       0x28 FreeRtos/tasks.o
 .text          0x00000000        0x0 HAL/BUZZER/buzzer.o
 .data          0x00000000        0x0 HAL/BUZZER/buzzer.o
 .bss           0x00000000        0x0 HAL/BUZZER/buzzer.o
 .text.Buzzer_off
                0x00000000       0x16 HAL/BUZZER/buzzer.o
 .text          0x00000000        0x0 HAL/DCMOTOR/DCMOTOR_prog.o
 .data          0x00000000        0x0 HAL/DCMOTOR/DCMOTOR_prog.o
 .bss           0x00000000        0x0 HAL/DCMOTOR/DCMOTOR_prog.o
 .text.DCMOTOR_voidCW
                0x00000000       0x8a HAL/DCMOTOR/DCMOTOR_prog.o
 .text.DCMOTOR_voidACW
                0x00000000       0x8a HAL/DCMOTOR/DCMOTOR_prog.o
 .text.DCMOTOR_voidStop
                0x00000000       0x8a HAL/DCMOTOR/DCMOTOR_prog.o
 .debug_info    0x00000000      0x517 HAL/DCMOTOR/DCMOTOR_prog.o
 .debug_abbrev  0x00000000       0x8d HAL/DCMOTOR/DCMOTOR_prog.o
 .debug_loc     0x00000000       0xea HAL/DCMOTOR/DCMOTOR_prog.o
 .debug_aranges
                0x00000000       0x30 HAL/DCMOTOR/DCMOTOR_prog.o
 .debug_ranges  0x00000000       0x20 HAL/DCMOTOR/DCMOTOR_prog.o
 .debug_line    0x00000000      0x1d1 HAL/DCMOTOR/DCMOTOR_prog.o
 .debug_str     0x00000000      0x1fa HAL/DCMOTOR/DCMOTOR_prog.o
 .comment       0x00000000       0x31 HAL/DCMOTOR/DCMOTOR_prog.o
 .debug_frame   0x00000000       0x5c HAL/DCMOTOR/DCMOTOR_prog.o
 .text          0x00000000        0x0 HAL/LCD/LCD_prog.o
 .data          0x00000000        0x0 HAL/LCD/LCD_prog.o
 .bss           0x00000000        0x0 HAL/LCD/LCD_prog.o
 .text.LCD_voidDrawData
                0x00000000       0x54 HAL/LCD/LCD_prog.o
 .text          0x00000000        0x0 HAL/LED/LED_prog.o
 .data          0x00000000        0x0 HAL/LED/LED_prog.o
 .bss           0x00000000        0x0 HAL/LED/LED_prog.o
 .text.LED_voidLedOff
                0x00000000        0x8 HAL/LED/LED_prog.o
 .text.LED_voidLedToggle
                0x00000000        0x6 HAL/LED/LED_prog.o
 .text          0x00000000        0x0 HAL/LM35/lm35_sensor.o
 .data          0x00000000        0x0 HAL/LM35/lm35_sensor.o
 .bss           0x00000000        0x0 HAL/LM35/lm35_sensor.o
 .text.LM35_getTemperature
                0x00000000       0x34 HAL/LM35/lm35_sensor.o
 .debug_info    0x00000000       0xe9 HAL/LM35/lm35_sensor.o
 .debug_abbrev  0x00000000       0x82 HAL/LM35/lm35_sensor.o
 .debug_loc     0x00000000       0x43 HAL/LM35/lm35_sensor.o
 .debug_aranges
                0x00000000       0x20 HAL/LM35/lm35_sensor.o
 .debug_ranges  0x00000000       0x10 HAL/LM35/lm35_sensor.o
 .debug_line    0x00000000       0xab HAL/LM35/lm35_sensor.o
 .debug_str     0x00000000      0x1de HAL/LM35/lm35_sensor.o
 .comment       0x00000000       0x31 HAL/LM35/lm35_sensor.o
 .debug_frame   0x00000000       0x24 HAL/LM35/lm35_sensor.o
 .text          0x00000000        0x0 MCAL/ADC/ADC_prog.o
 .data          0x00000000        0x0 MCAL/ADC/ADC_prog.o
 .bss           0x00000000        0x0 MCAL/ADC/ADC_prog.o
 .text          0x00000000        0x0 MCAL/DIO/DIO_prog.o
 .data          0x00000000        0x0 MCAL/DIO/DIO_prog.o
 .bss           0x00000000        0x0 MCAL/DIO/DIO_prog.o
 .text.DIO_voidTogglePinVal
                0x00000000       0x68 MCAL/DIO/DIO_prog.o
 .text.DIO_u8ReadpinVal
                0x00000000       0x5c MCAL/DIO/DIO_prog.o
 .text.DIO_voidSetPortVal
                0x00000000       0x20 MCAL/DIO/DIO_prog.o
 .text          0x00000000        0x0 MCAL/TIMER0/TIMER0_prog.o
 .data          0x00000000        0x0 MCAL/TIMER0/TIMER0_prog.o
 .bss           0x00000000        0x0 MCAL/TIMER0/TIMER0_prog.o
 .text.TIMER0_voidInit
                0x00000000       0x40 MCAL/TIMER0/TIMER0_prog.o
 .text.TIMER0_voidSetCallBack
                0x00000000       0x1e MCAL/TIMER0/TIMER0_prog.o
 .text          0x00000000        0x0 MCAL/UART/UART_prog.o
 .data          0x00000000        0x0 MCAL/UART/UART_prog.o
 .bss           0x00000000        0x0 MCAL/UART/UART_prog.o
 .text.UART_voidTX
                0x00000000        0x8 MCAL/UART/UART_prog.o
 .text          0x00000000        0x0 c:/program files (x86)/atmel/studio/7.0/toolchain/avr8/avr8-gnu-toolchain/bin/../lib/gcc/avr/5.4.0/../../../../avr/lib/avr5\libm.a(divsf3.o)
 .data          0x00000000        0x0 c:/program files (x86)/atmel/studio/7.0/toolchain/avr8/avr8-gnu-toolchain/bin/../lib/gcc/avr/5.4.0/../../../../avr/lib/avr5\libm.a(divsf3.o)
 .bss           0x00000000        0x0 c:/program files (x86)/atmel/studio/7.0/toolchain/avr8/avr8-gnu-toolchain/bin/../lib/gcc/avr/5.4.0/../../../../avr/lib/avr5\libm.a(divsf3.o)
 .text.avr-libc.fplib
                0x00000000        0x8 c:/program files (x86)/atmel/studio/7.0/toolchain/avr8/avr8-gnu-toolchain/bin/../lib/gcc/avr/5.4.0/../../../../avr/lib/avr5\libm.a(divsf3.o)
 .text          0x00000000        0x0 c:/program files (x86)/atmel/studio/7.0/toolchain/avr8/avr8-gnu-toolchain/bin/../lib/gcc/avr/5.4.0/../../../../avr/lib/avr5\libm.a(divsf3x.o)
 .data          0x00000000        0x0 c:/program files (x86)/atmel/studio/7.0/toolchain/avr8/avr8-gnu-toolchain/bin/../lib/gcc/avr/5.4.0/../../../../avr/lib/avr5\libm.a(divsf3x.o)
 .bss           0x00000000        0x0 c:/program files (x86)/atmel/studio/7.0/toolchain/avr8/avr8-gnu-toolchain/bin/../lib/gcc/avr/5.4.0/../../../../avr/lib/avr5\libm.a(divsf3x.o)
 .text.avr-libc.fplib
                0x00000000       0xdc c:/program files (x86)/atmel/studio/7.0/toolchain/avr8/avr8-gnu-toolchain/bin/../lib/gcc/avr/5.4.0/../../../../avr/lib/avr5\libm.a(divsf3x.o)
 .text          0x00000000        0x0 c:/program files (x86)/atmel/studio/7.0/toolchain/avr8/avr8-gnu-toolchain/bin/../lib/gcc/avr/5.4.0/../../../../avr/lib/avr5\libm.a(fixunssfsi.o)
 .data          0x00000000        0x0 c:/program files (x86)/atmel/studio/7.0/toolchain/avr8/avr8-gnu-toolchain/bin/../lib/gcc/avr/5.4.0/../../../../avr/lib/avr5\libm.a(fixunssfsi.o)
 .bss           0x00000000        0x0 c:/program files (x86)/atmel/studio/7.0/toolchain/avr8/avr8-gnu-toolchain/bin/../lib/gcc/avr/5.4.0/../../../../avr/lib/avr5\libm.a(fixunssfsi.o)
 .text          0x00000000        0x0 c:/program files (x86)/atmel/studio/7.0/toolchain/avr8/avr8-gnu-toolchain/bin/../lib/gcc/avr/5.4.0/../../../../avr/lib/avr5\libm.a(floatsisf.o)
 .data          0x00000000        0x0 c:/program files (x86)/atmel/studio/7.0/toolchain/avr8/avr8-gnu-toolchain/bin/../lib/gcc/avr/5.4.0/../../../../avr/lib/avr5\libm.a(floatsisf.o)
 .bss           0x00000000        0x0 c:/program files (x86)/atmel/studio/7.0/toolchain/avr8/avr8-gnu-toolchain/bin/../lib/gcc/avr/5.4.0/../../../../avr/lib/avr5\libm.a(floatsisf.o)
 .text          0x00000000        0x0 c:/program files (x86)/atmel/studio/7.0/toolchain/avr8/avr8-gnu-toolchain/bin/../lib/gcc/avr/5.4.0/../../../../avr/lib/avr5\libm.a(fp_inf.o)
 .data          0x00000000        0x0 c:/program files (x86)/atmel/studio/7.0/toolchain/avr8/avr8-gnu-toolchain/bin/../lib/gcc/avr/5.4.0/../../../../avr/lib/avr5\libm.a(fp_inf.o)
 .bss           0x00000000        0x0 c:/program files (x86)/atmel/studio/7.0/toolchain/avr8/avr8-gnu-toolchain/bin/../lib/gcc/avr/5.4.0/../../../../avr/lib/avr5\libm.a(fp_inf.o)
 .text          0x00000000        0x0 c:/program files (x86)/atmel/studio/7.0/toolchain/avr8/avr8-gnu-toolchain/bin/../lib/gcc/avr/5.4.0/../../../../avr/lib/avr5\libm.a(fp_nan.o)
 .data          0x00000000        0x0 c:/program files (x86)/atmel/studio/7.0/toolchain/avr8/avr8-gnu-toolchain/bin/../lib/gcc/avr/5.4.0/../../../../avr/lib/avr5\libm.a(fp_nan.o)
 .bss           0x00000000        0x0 c:/program files (x86)/atmel/studio/7.0/toolchain/avr8/avr8-gnu-toolchain/bin/../lib/gcc/avr/5.4.0/../../../../avr/lib/avr5\libm.a(fp_nan.o)
 .text          0x00000000        0x0 c:/program files (x86)/atmel/studio/7.0/toolchain/avr8/avr8-gnu-toolchain/bin/../lib/gcc/avr/5.4.0/../../../../avr/lib/avr5\libm.a(fp_pscA.o)
 .data          0x00000000        0x0 c:/program files (x86)/atmel/studio/7.0/toolchain/avr8/avr8-gnu-toolchain/bin/../lib/gcc/avr/5.4.0/../../../../avr/lib/avr5\libm.a(fp_pscA.o)
 .bss           0x00000000        0x0 c:/program files (x86)/atmel/studio/7.0/toolchain/avr8/avr8-gnu-toolchain/bin/../lib/gcc/avr/5.4.0/../../../../avr/lib/avr5\libm.a(fp_pscA.o)
 .text          0x00000000        0x0 c:/program files (x86)/atmel/studio/7.0/toolchain/avr8/avr8-gnu-toolchain/bin/../lib/gcc/avr/5.4.0/../../../../avr/lib/avr5\libm.a(fp_pscB.o)
 .data          0x00000000        0x0 c:/program files (x86)/atmel/studio/7.0/toolchain/avr8/avr8-gnu-toolchain/bin/../lib/gcc/avr/5.4.0/../../../../avr/lib/avr5\libm.a(fp_pscB.o)
 .bss           0x00000000        0x0 c:/program files (x86)/atmel/studio/7.0/toolchain/avr8/avr8-gnu-toolchain/bin/../lib/gcc/avr/5.4.0/../../../../avr/lib/avr5\libm.a(fp_pscB.o)
 .text          0x00000000        0x0 c:/program files (x86)/atmel/studio/7.0/toolchain/avr8/avr8-gnu-toolchain/bin/../lib/gcc/avr/5.4.0/../../../../avr/lib/avr5\libm.a(fp_round.o)
 .data          0x00000000        0x0 c:/program files (x86)/atmel/studio/7.0/toolchain/avr8/avr8-gnu-toolchain/bin/../lib/gcc/avr/5.4.0/../../../../avr/lib/avr5\libm.a(fp_round.o)
 .bss           0x00000000        0x0 c:/program files (x86)/atmel/studio/7.0/toolchain/avr8/avr8-gnu-toolchain/bin/../lib/gcc/avr/5.4.0/../../../../avr/lib/avr5\libm.a(fp_round.o)
 .text          0x00000000        0x0 c:/program files (x86)/atmel/studio/7.0/toolchain/avr8/avr8-gnu-toolchain/bin/../lib/gcc/avr/5.4.0/../../../../avr/lib/avr5\libm.a(fp_split3.o)
 .data          0x00000000        0x0 c:/program files (x86)/atmel/studio/7.0/toolchain/avr8/avr8-gnu-toolchain/bin/../lib/gcc/avr/5.4.0/../../../../avr/lib/avr5\libm.a(fp_split3.o)
 .bss           0x00000000        0x0 c:/program files (x86)/atmel/studio/7.0/toolchain/avr8/avr8-gnu-toolchain/bin/../lib/gcc/avr/5.4.0/../../../../avr/lib/avr5\libm.a(fp_split3.o)
 .text          0x00000000        0x0 c:/program files (x86)/atmel/studio/7.0/toolchain/avr8/avr8-gnu-toolchain/bin/../lib/gcc/avr/5.4.0/../../../../avr/lib/avr5\libm.a(fp_zero.o)
 .data          0x00000000        0x0 c:/program files (x86)/atmel/studio/7.0/toolchain/avr8/avr8-gnu-toolchain/bin/../lib/gcc/avr/5.4.0/../../../../avr/lib/avr5\libm.a(fp_zero.o)
 .bss           0x00000000        0x0 c:/program files (x86)/atmel/studio/7.0/toolchain/avr8/avr8-gnu-toolchain/bin/../lib/gcc/avr/5.4.0/../../../../avr/lib/avr5\libm.a(fp_zero.o)
 .text          0x00000000        0x0 c:/program files (x86)/atmel/studio/7.0/toolchain/avr8/avr8-gnu-toolchain/bin/../lib/gcc/avr/5.4.0/../../../../avr/lib/avr5\libm.a(mulsf3.o)
 .data          0x00000000        0x0 c:/program files (x86)/atmel/studio/7.0/toolchain/avr8/avr8-gnu-toolchain/bin/../lib/gcc/avr/5.4.0/../../../../avr/lib/avr5\libm.a(mulsf3.o)
 .bss           0x00000000        0x0 c:/program files (x86)/atmel/studio/7.0/toolchain/avr8/avr8-gnu-toolchain/bin/../lib/gcc/avr/5.4.0/../../../../avr/lib/avr5\libm.a(mulsf3.o)
 .text          0x00000000        0x0 c:/program files (x86)/atmel/studio/7.0/toolchain/avr8/avr8-gnu-toolchain/bin/../lib/gcc/avr/5.4.0/../../../../avr/lib/avr5\libm.a(mulsf3x.o)
 .data          0x00000000        0x0 c:/program files (x86)/atmel/studio/7.0/toolchain/avr8/avr8-gnu-toolchain/bin/../lib/gcc/avr/5.4.0/../../../../avr/lib/avr5\libm.a(mulsf3x.o)
 .bss           0x00000000        0x0 c:/program files (x86)/atmel/studio/7.0/toolchain/avr8/avr8-gnu-toolchain/bin/../lib/gcc/avr/5.4.0/../../../../avr/lib/avr5\libm.a(mulsf3x.o)
 .text          0x00000000        0x0 c:/program files (x86)/atmel/studio/7.0/toolchain/avr8/avr8-gnu-toolchain/bin/../lib/gcc/avr/5.4.0/avr5\libgcc.a(_udivmodsi4.o)
 .data          0x00000000        0x0 c:/program files (x86)/atmel/studio/7.0/toolchain/avr8/avr8-gnu-toolchain/bin/../lib/gcc/avr/5.4.0/avr5\libgcc.a(_udivmodsi4.o)
 .bss           0x00000000        0x0 c:/program files (x86)/atmel/studio/7.0/toolchain/avr8/avr8-gnu-toolchain/bin/../lib/gcc/avr/5.4.0/avr5\libgcc.a(_udivmodsi4.o)
 .text.libgcc.mul
                0x00000000        0x0 c:/program files (x86)/atmel/studio/7.0/toolchain/avr8/avr8-gnu-toolchain/bin/../lib/gcc/avr/5.4.0/avr5\libgcc.a(_udivmodsi4.o)
 .text.libgcc   0x00000000        0x0 c:/program files (x86)/atmel/studio/7.0/toolchain/avr8/avr8-gnu-toolchain/bin/../lib/gcc/avr/5.4.0/avr5\libgcc.a(_udivmodsi4.o)
 .text.libgcc.prologue
                0x00000000        0x0 c:/program files (x86)/atmel/studio/7.0/toolchain/avr8/avr8-gnu-toolchain/bin/../lib/gcc/avr/5.4.0/avr5\libgcc.a(_udivmodsi4.o)
 .text.libgcc.builtins
                0x00000000        0x0 c:/program files (x86)/atmel/studio/7.0/toolchain/avr8/avr8-gnu-toolchain/bin/../lib/gcc/avr/5.4.0/avr5\libgcc.a(_udivmodsi4.o)
 .text.libgcc.fmul
                0x00000000        0x0 c:/program files (x86)/atmel/studio/7.0/toolchain/avr8/avr8-gnu-toolchain/bin/../lib/gcc/avr/5.4.0/avr5\libgcc.a(_udivmodsi4.o)
 .text.libgcc.fixed
                0x00000000        0x0 c:/program files (x86)/atmel/studio/7.0/toolchain/avr8/avr8-gnu-toolchain/bin/../lib/gcc/avr/5.4.0/avr5\libgcc.a(_udivmodsi4.o)
 .text          0x00000000        0x0 c:/program files (x86)/atmel/studio/7.0/toolchain/avr8/avr8-gnu-toolchain/bin/../lib/gcc/avr/5.4.0/avr5\libgcc.a(_exit.o)
 .data          0x00000000        0x0 c:/program files (x86)/atmel/studio/7.0/toolchain/avr8/avr8-gnu-toolchain/bin/../lib/gcc/avr/5.4.0/avr5\libgcc.a(_exit.o)
 .bss           0x00000000        0x0 c:/program files (x86)/atmel/studio/7.0/toolchain/avr8/avr8-gnu-toolchain/bin/../lib/gcc/avr/5.4.0/avr5\libgcc.a(_exit.o)
 .text.libgcc.mul
                0x00000000        0x0 c:/program files (x86)/atmel/studio/7.0/toolchain/avr8/avr8-gnu-toolchain/bin/../lib/gcc/avr/5.4.0/avr5\libgcc.a(_exit.o)
 .text.libgcc.div
                0x00000000        0x0 c:/program files (x86)/atmel/studio/7.0/toolchain/avr8/avr8-gnu-toolchain/bin/../lib/gcc/avr/5.4.0/avr5\libgcc.a(_exit.o)
 .text.libgcc   0x00000000        0x0 c:/program files (x86)/atmel/studio/7.0/toolchain/avr8/avr8-gnu-toolchain/bin/../lib/gcc/avr/5.4.0/avr5\libgcc.a(_exit.o)
 .text.libgcc.prologue
                0x00000000        0x0 c:/program files (x86)/atmel/studio/7.0/toolchain/avr8/avr8-gnu-toolchain/bin/../lib/gcc/avr/5.4.0/avr5\libgcc.a(_exit.o)
 .text.libgcc.builtins
                0x00000000        0x0 c:/program files (x86)/atmel/studio/7.0/toolchain/avr8/avr8-gnu-toolchain/bin/../lib/gcc/avr/5.4.0/avr5\libgcc.a(_exit.o)
 .text.libgcc.fmul
                0x00000000        0x0 c:/program files (x86)/atmel/studio/7.0/toolchain/avr8/avr8-gnu-toolchain/bin/../lib/gcc/avr/5.4.0/avr5\libgcc.a(_exit.o)
 .text.libgcc.fixed
                0x00000000        0x0 c:/program files (x86)/atmel/studio/7.0/toolchain/avr8/avr8-gnu-toolchain/bin/../lib/gcc/avr/5.4.0/avr5\libgcc.a(_exit.o)
 .text          0x00000000        0x0 c:/program files (x86)/atmel/studio/7.0/toolchain/avr8/avr8-gnu-toolchain/bin/../lib/gcc/avr/5.4.0/avr5\libgcc.a(_copy_data.o)
 .data          0x00000000        0x0 c:/program files (x86)/atmel/studio/7.0/toolchain/avr8/avr8-gnu-toolchain/bin/../lib/gcc/avr/5.4.0/avr5\libgcc.a(_copy_data.o)
 .bss           0x00000000        0x0 c:/program files (x86)/atmel/studio/7.0/toolchain/avr8/avr8-gnu-toolchain/bin/../lib/gcc/avr/5.4.0/avr5\libgcc.a(_copy_data.o)
 .text.libgcc.mul
                0x00000000        0x0 c:/program files (x86)/atmel/studio/7.0/toolchain/avr8/avr8-gnu-toolchain/bin/../lib/gcc/avr/5.4.0/avr5\libgcc.a(_copy_data.o)
 .text.libgcc.div
                0x00000000        0x0 c:/program files (x86)/atmel/studio/7.0/toolchain/avr8/avr8-gnu-toolchain/bin/../lib/gcc/avr/5.4.0/avr5\libgcc.a(_copy_data.o)
 .text.libgcc   0x00000000        0x0 c:/program files (x86)/atmel/studio/7.0/toolchain/avr8/avr8-gnu-toolchain/bin/../lib/gcc/avr/5.4.0/avr5\libgcc.a(_copy_data.o)
 .text.libgcc.prologue
                0x00000000        0x0 c:/program files (x86)/atmel/studio/7.0/toolchain/avr8/avr8-gnu-toolchain/bin/../lib/gcc/avr/5.4.0/avr5\libgcc.a(_copy_data.o)
 .text.libgcc.builtins
                0x00000000        0x0 c:/program files (x86)/atmel/studio/7.0/toolchain/avr8/avr8-gnu-toolchain/bin/../lib/gcc/avr/5.4.0/avr5\libgcc.a(_copy_data.o)
 .text.libgcc.fmul
                0x00000000        0x0 c:/program files (x86)/atmel/studio/7.0/toolchain/avr8/avr8-gnu-toolchain/bin/../lib/gcc/avr/5.4.0/avr5\libgcc.a(_copy_data.o)
 .text.libgcc.fixed
                0x00000000        0x0 c:/program files (x86)/atmel/studio/7.0/toolchain/avr8/avr8-gnu-toolchain/bin/../lib/gcc/avr/5.4.0/avr5\libgcc.a(_copy_data.o)
 .text          0x00000000        0x0 c:/program files (x86)/atmel/studio/7.0/toolchain/avr8/avr8-gnu-toolchain/bin/../lib/gcc/avr/5.4.0/avr5\libgcc.a(_clear_bss.o)
 .data          0x00000000        0x0 c:/program files (x86)/atmel/studio/7.0/toolchain/avr8/avr8-gnu-toolchain/bin/../lib/gcc/avr/5.4.0/avr5\libgcc.a(_clear_bss.o)
 .bss           0x00000000        0x0 c:/program files (x86)/atmel/studio/7.0/toolchain/avr8/avr8-gnu-toolchain/bin/../lib/gcc/avr/5.4.0/avr5\libgcc.a(_clear_bss.o)
 .text.libgcc.mul
                0x00000000        0x0 c:/program files (x86)/atmel/studio/7.0/toolchain/avr8/avr8-gnu-toolchain/bin/../lib/gcc/avr/5.4.0/avr5\libgcc.a(_clear_bss.o)
 .text.libgcc.div
                0x00000000        0x0 c:/program files (x86)/atmel/studio/7.0/toolchain/avr8/avr8-gnu-toolchain/bin/../lib/gcc/avr/5.4.0/avr5\libgcc.a(_clear_bss.o)
 .text.libgcc   0x00000000        0x0 c:/program files (x86)/atmel/studio/7.0/toolchain/avr8/avr8-gnu-toolchain/bin/../lib/gcc/avr/5.4.0/avr5\libgcc.a(_clear_bss.o)
 .text.libgcc.prologue
                0x00000000        0x0 c:/program files (x86)/atmel/studio/7.0/toolchain/avr8/avr8-gnu-toolchain/bin/../lib/gcc/avr/5.4.0/avr5\libgcc.a(_clear_bss.o)
 .text.libgcc.builtins
                0x00000000        0x0 c:/program files (x86)/atmel/studio/7.0/toolchain/avr8/avr8-gnu-toolchain/bin/../lib/gcc/avr/5.4.0/avr5\libgcc.a(_clear_bss.o)
 .text.libgcc.fmul
                0x00000000        0x0 c:/program files (x86)/atmel/studio/7.0/toolchain/avr8/avr8-gnu-toolchain/bin/../lib/gcc/avr/5.4.0/avr5\libgcc.a(_clear_bss.o)
 .text.libgcc.fixed
                0x00000000        0x0 c:/program files (x86)/atmel/studio/7.0/toolchain/avr8/avr8-gnu-toolchain/bin/../lib/gcc/avr/5.4.0/avr5\libgcc.a(_clear_bss.o)
 .text          0x00000000        0x0 c:/program files (x86)/atmel/studio/7.0/toolchain/avr8/avr8-gnu-toolchain/bin/../lib/gcc/avr/5.4.0/avr5\libgcc.a(_umulhisi3.o)
 .data          0x00000000        0x0 c:/program files (x86)/atmel/studio/7.0/toolchain/avr8/avr8-gnu-toolchain/bin/../lib/gcc/avr/5.4.0/avr5\libgcc.a(_umulhisi3.o)
 .bss           0x00000000        0x0 c:/program files (x86)/atmel/studio/7.0/toolchain/avr8/avr8-gnu-toolchain/bin/../lib/gcc/avr/5.4.0/avr5\libgcc.a(_umulhisi3.o)
 .text.libgcc.mul
                0x00000000       0x1e c:/program files (x86)/atmel/studio/7.0/toolchain/avr8/avr8-gnu-toolchain/bin/../lib/gcc/avr/5.4.0/avr5\libgcc.a(_umulhisi3.o)
 .text.libgcc.div
                0x00000000        0x0 c:/program files (x86)/atmel/studio/7.0/toolchain/avr8/avr8-gnu-toolchain/bin/../lib/gcc/avr/5.4.0/avr5\libgcc.a(_umulhisi3.o)
 .text.libgcc   0x00000000        0x0 c:/program files (x86)/atmel/studio/7.0/toolchain/avr8/avr8-gnu-toolchain/bin/../lib/gcc/avr/5.4.0/avr5\libgcc.a(_umulhisi3.o)
 .text.libgcc.prologue
                0x00000000        0x0 c:/program files (x86)/atmel/studio/7.0/toolchain/avr8/avr8-gnu-toolchain/bin/../lib/gcc/avr/5.4.0/avr5\libgcc.a(_umulhisi3.o)
 .text.libgcc.builtins
                0x00000000        0x0 c:/program files (x86)/atmel/studio/7.0/toolchain/avr8/avr8-gnu-toolchain/bin/../lib/gcc/avr/5.4.0/avr5\libgcc.a(_umulhisi3.o)
 .text.libgcc.fmul
                0x00000000        0x0 c:/program files (x86)/atmel/studio/7.0/toolchain/avr8/avr8-gnu-toolchain/bin/../lib/gcc/avr/5.4.0/avr5\libgcc.a(_umulhisi3.o)
 .text.libgcc.fixed
                0x00000000        0x0 c:/program files (x86)/atmel/studio/7.0/toolchain/avr8/avr8-gnu-toolchain/bin/../lib/gcc/avr/5.4.0/avr5\libgcc.a(_umulhisi3.o)
 .text          0x00000000        0x0 c:/program files (x86)/atmel/studio/7.0/toolchain/avr8/avr8-gnu-toolchain/bin/../lib/gcc/avr/5.4.0/../../../../avr/lib/avr5\libc.a(memcpy.o)
 .data          0x00000000        0x0 c:/program files (x86)/atmel/studio/7.0/toolchain/avr8/avr8-gnu-toolchain/bin/../lib/gcc/avr/5.4.0/../../../../avr/lib/avr5\libc.a(memcpy.o)
 .bss           0x00000000        0x0 c:/program files (x86)/atmel/studio/7.0/toolchain/avr8/avr8-gnu-toolchain/bin/../lib/gcc/avr/5.4.0/../../../../avr/lib/avr5\libc.a(memcpy.o)

Memory Configuration

Name             Origin             Length             Attributes
text             0x00000000         0x00008000         xr
data             0x00800060         0x00000800         rw !x
eeprom           0x00810000         0x00000400         rw !x
fuse             0x00820000         0x00000002         rw !x
lock             0x00830000         0x00000400         rw !x
signature        0x00840000         0x00000400         rw !x
user_signatures  0x00850000         0x00000400         rw !x
*default*        0x00000000         0xffffffff

Linker script and memory map

LOAD C:/Program Files (x86)/Atmel/Studio/7.0/Packs/atmel/ATmega_DFP/1.7.374/gcc/dev/atmega32/avr5/crtatmega32.o
LOAD APP/main.o
LOAD APP/TaskHandler.o
LOAD FreeRtos/heap_2.o
LOAD FreeRtos/list.o
LOAD FreeRtos/port.o
LOAD FreeRtos/queue.o
LOAD FreeRtos/tasks.o
LOAD HAL/BUZZER/buzzer.o
LOAD HAL/DCMOTOR/DCMOTOR_prog.o
LOAD HAL/LCD/LCD_prog.o
LOAD HAL/LED/LED_prog.o
LOAD HAL/LM35/lm35_sensor.o
LOAD MCAL/ADC/ADC_prog.o
LOAD MCAL/DIO/DIO_prog.o
LOAD MCAL/TIMER0/TIMER0_prog.o
LOAD MCAL/UART/UART_prog.o
START GROUP
LOAD c:/program files (x86)/atmel/studio/7.0/toolchain/avr8/avr8-gnu-toolchain/bin/../lib/gcc/avr/5.4.0/../../../../avr/lib/avr5\libm.a
END GROUP
START GROUP
LOAD c:/program files (x86)/atmel/studio/7.0/toolchain/avr8/avr8-gnu-toolchain/bin/../lib/gcc/avr/5.4.0/avr5\libgcc.a
LOAD c:/program files (x86)/atmel/studio/7.0/toolchain/avr8/avr8-gnu-toolchain/bin/../lib/gcc/avr/5.4.0/../../../../avr/lib/avr5\libm.a
LOAD c:/program files (x86)/atmel/studio/7.0/toolchain/avr8/avr8-gnu-toolchain/bin/../lib/gcc/avr/5.4.0/../../../../avr/lib/avr5\libc.a
LOAD C:/Program Files (x86)/Atmel/Studio/7.0/Packs/atmel/ATmega_DFP/1.7.374/gcc/dev/atmega32/avr5\libatmega32.a
END GROUP
                0x00000000                __TEXT_REGION_ORIGIN__ = DEFINED (__TEXT_REGION_ORIGIN__)?__TEXT_REGION_ORIGIN__:0x0
                [0x00800060]                __DATA_REGION_ORIGIN__ = DEFINED (__DATA_REGION_ORIGIN__)?__DATA_REGION_ORIGIN__:0x800060
                [0x00008000]                __TEXT_REGION_LENGTH__ = DEFINED (__TEXT_REGION_LENGTH__)?__TEXT_REGION_LENGTH__:0x20000
                [0x00000800]                __DATA_REGION_LENGTH__ = DEFINED (__DATA_REGION_LENGTH__)?__DATA_REGION_LENGTH__:0xffa0
                [0x00000400]                __EEPROM_REGION_LENGTH__ = DEFINED (__EEPROM_REGION_LENGTH__)?__EEPROM_REGION_LENGTH__:0x10000
                [0x00000002]                __FUSE_REGION_LENGTH__ = DEFINED (__FUSE_REGION_LENGTH__)?__FUSE_REGION_LENGTH__:0x400
                0x00000400                __LOCK_REGION_LENGTH__ = DEFINED (__LOCK_REGION_LENGTH__)?__LOCK_REGION_LENGTH__:0x400
                0x00000400                __SIGNATURE_REGION_LENGTH__ = DEFINED (__SIGNATURE_REGION_LENGTH__)?__SIGNATURE_REGION_LENGTH__:0x400
                0x00000400                __USER_SIGNATURE_REGION_LENGTH__ = DEFINED (__USER_SIGNATURE_REGION_LENGTH__)?__USER_SIGNATURE_REGION_LENGTH__:0x400

.hash
 *(.hash)

.dynsym
 *(.dynsym)

.dynstr
 *(.dynstr)

.gnu.version
 *(.gnu.version)

.gnu.version_d
 *(.gnu.version_d)

.gnu.version_r
 *(.gnu.version_r)

.rel.init
 *(.rel.init)

.rela.init
 *(.rela.init)

.rel.text
 *(.rel.text)
 *(.rel.text.*)
 *(.rel.gnu.linkonce.t*)

.rela.text
 *(.rela.text)
 *(.rela.text.*)
 *(.rela.gnu.linkonce.t*)

.rel.fini
 *(.rel.fini)

.rela.fini
 *(.rela.fini)

.rel.rodata
 *(.rel.rodata)
 *(.rel.rodata.*)
 *(.rel.gnu.linkonce.r*)

.rela.rodata
 *(.rela.rodata)
 *(.rela.rodata.*)
 *(.rela.gnu.linkonce.r*)

.rel.data
 *(.rel.data)
 *(.rel.data.*)
 *(.rel.gnu.linkonce.d*)

.rela.data
 *(.rela.data)
 *(.rela.data.*)
 *(.rela.gnu.linkonce.d*)

.rel.ctors
 *(.rel.ctors)

.rela.ctors
 *(.rela.ctors)

.rel.dtors
 *(.rel.dtors)

.rela.dtors
 *(.rela.dtors)

.rel.got
 *(.rel.got)

.rela.got
 *(.rela.got)

.rel.bss
 *(.rel.bss)

.rela.bss
 *(.rela.bss)

.rel.plt
 *(.rel.plt)

.rela.plt
 *(.rela.plt)

.text           0x00000000     0x20d0
 *(.vectors)
 .vectors       0x00000000       0x54 C:/Program Files (x86)/Atmel/Studio/7.0/Packs/atmel/ATmega_DFP/1.7.374/gcc/dev/atmega32/avr5/crtatmega32.o
                0x00000000                __vector_default
                0x00000000                __vectors
 *(.vectors)
 *(.progmem.gcc*)
                0x00000054                . = ALIGN (0x2)
                0x00000054                __trampolines_start = .
 *(.trampolines)
 .trampolines   0x00000054        0x0 linker stubs
 *(.trampolines*)
                0x00000054                __trampolines_end = .
 *libprintf_flt.a:*(.progmem.data)
 *libc.a:*(.progmem.data)
 *(.progmem*)
                0x00000054                . = ALIGN (0x2)
 *(.jumptables)
 *(.jumptables*)
 *(.lowtext)
 *(.lowtext*)
                0x00000054                __ctors_start = .
 *(.ctors)
                0x00000054                __ctors_end = .
                0x00000054                __dtors_start = .
 *(.dtors)
                0x00000054                __dtors_end = .
 SORT(*)(.ctors)
 SORT(*)(.dtors)
 *(.init0)
 .init0         0x00000054        0x0 C:/Program Files (x86)/Atmel/Studio/7.0/Packs/atmel/ATmega_DFP/1.7.374/gcc/dev/atmega32/avr5/crtatmega32.o
                0x00000054                __init
 *(.init0)
 *(.init1)
 *(.init1)
 *(.init2)
 .init2         0x00000054        0xc C:/Program Files (x86)/Atmel/Studio/7.0/Packs/atmel/ATmega_DFP/1.7.374/gcc/dev/atmega32/avr5/crtatmega32.o
 *(.init2)
 *(.init3)
 *(.init3)
 *(.init4)
 .init4         0x00000060       0x16 c:/program files (x86)/atmel/studio/7.0/toolchain/avr8/avr8-gnu-toolchain/bin/../lib/gcc/avr/5.4.0/avr5\libgcc.a(_copy_data.o)
                0x00000060                __do_copy_data
 .init4         0x00000076       0x10 c:/program files (x86)/atmel/studio/7.0/toolchain/avr8/avr8-gnu-toolchain/bin/../lib/gcc/avr/5.4.0/avr5\libgcc.a(_clear_bss.o)
                0x00000076                __do_clear_bss
 *(.init4)
 *(.init5)
 *(.init5)
 *(.init6)
 *(.init6)
 *(.init7)
 *(.init7)
 *(.init8)
 *(.init8)
 *(.init9)
 .init9         0x00000086        0x8 C:/Program Files (x86)/Atmel/Studio/7.0/Packs/atmel/ATmega_DFP/1.7.374/gcc/dev/atmega32/avr5/crtatmega32.o
 *(.init9)
 *(.text)
 .text          0x0000008e        0x4 C:/Program Files (x86)/Atmel/Studio/7.0/Packs/atmel/ATmega_DFP/1.7.374/gcc/dev/atmega32/avr5/crtatmega32.o
                0x0000008e                __vector_1
                0x0000008e                __vector_12
                0x0000008e                __bad_interrupt
                0x0000008e                __vector_6
                0x0000008e                __vector_3
                0x0000008e                __vector_11
                0x0000008e                __vector_13
                0x0000008e                __vector_17
                0x0000008e                __vector_19
                0x0000008e                __vector_5
                0x0000008e                __vector_4
                0x0000008e                __vector_9
                0x0000008e                __vector_2
                0x0000008e                __vector_15
                0x0000008e                __vector_8
                0x0000008e                __vector_14
                0x0000008e                __vector_16
                0x0000008e                __vector_18
                0x0000008e                __vector_20
                0x00000092                . = ALIGN (0x2)
 *(.text.*)
 .text.main     0x00000092        0xa APP/main.o
                0x00000092                main
 .text.recievePassTask
                0x0000009c       0x74 APP/TaskHandler.o
                0x0000009c                recievePassTask
 .text.lcdInitTask
                0x00000110       0x1a APP/TaskHandler.o
                0x00000110                lcdInitTask
 .text.GetTempTask
                0x0000012a       0x3a APP/TaskHandler.o
                0x0000012a                GetTempTask
 .text.DisplayTempTask
                0x00000164       0xa4 APP/TaskHandler.o
                0x00000164                DisplayTempTask
 .text.MotorControlTask
                0x00000208       0x76 APP/TaskHandler.o
                0x00000208                MotorControlTask
 .text.TaskRunner
                0x0000027e      0x104 APP/TaskHandler.o
                0x0000027e                TaskRunner
 .text.prvHeapInit
                0x00000382       0x36 FreeRtos/heap_2.o
 .text.pvPortMalloc
                0x000003b8       0xf8 FreeRtos/heap_2.o
                0x000003b8                pvPortMalloc
 .text.vPortFree
                0x000004b0       0x66 FreeRtos/heap_2.o
                0x000004b0                vPortFree
 .text.vListInitialise
                0x00000516       0x1c FreeRtos/list.o
                0x00000516                vListInitialise
 .text.vListInitialiseItem
                0x00000532        0x8 FreeRtos/list.o
                0x00000532                vListInitialiseItem
 .text.vListInsertEnd
                0x0000053a       0x42 FreeRtos/list.o
                0x0000053a                vListInsertEnd
 .text.vListInsert
                0x0000057c       0x62 FreeRtos/list.o
                0x0000057c                vListInsert
 .text.uxListRemove
                0x000005de       0x4c FreeRtos/list.o
                0x000005de                uxListRemove
 .text.prvSetupTimerInterrupt
                0x0000062a       0x12 FreeRtos/port.o
 .text.pxPortInitialiseStack
                0x0000063c       0xd8 FreeRtos/port.o
                0x0000063c                pxPortInitialiseStack
 .text.xPortStartScheduler
                0x00000714       0x5e FreeRtos/port.o
                0x00000714                xPortStartScheduler
 .text.vPortYield
                0x00000772       0xb2 FreeRtos/port.o
                0x00000772                vPortYield
 .text.vPortYieldFromTick
                0x00000824       0xb8 FreeRtos/port.o
                0x00000824                vPortYieldFromTick
 .text.__vector_7
                0x000008dc        0x6 FreeRtos/port.o
                0x000008dc                __vector_7
 .text.prvIsQueueEmpty
                0x000008e2       0x1a FreeRtos/queue.o
 .text.prvIsQueueFull
                0x000008fc       0x1c FreeRtos/queue.o
 .text.prvCopyDataToQueue
                0x00000918       0xbe FreeRtos/queue.o
 .text.prvCopyDataFromQueue
                0x000009d6       0x34 FreeRtos/queue.o
 .text.prvUnlockQueue
                0x00000a0a       0x68 FreeRtos/queue.o
 .text.xQueueGenericReset
                0x00000a72       0x8c FreeRtos/queue.o
                0x00000a72                xQueueGenericReset
 .text.prvInitialiseNewQueue
                0x00000afe       0x26 FreeRtos/queue.o
 .text.xQueueGenericCreate
                0x00000b24       0x54 FreeRtos/queue.o
                0x00000b24                xQueueGenericCreate
 .text.xQueueGenericSend
                0x00000b78      0x124 FreeRtos/queue.o
                0x00000b78                xQueueGenericSend
 .text.xQueueGenericReceive
                0x00000c9c      0x182 FreeRtos/queue.o
                0x00000c9c                xQueueGenericReceive
 .text.prvResetNextTaskUnblockTime
                0x00000e1e       0x3e FreeRtos/tasks.o
 .text.prvDeleteTCB
                0x00000e5c       0x1a FreeRtos/tasks.o
 .text.prvInitialiseNewTask
                0x00000e76       0xd6 FreeRtos/tasks.o
 .text.prvInitialiseTaskLists
                0x00000f4c       0x6e FreeRtos/tasks.o
 .text.prvAddNewTaskToReadyList
                0x00000fba       0xb8 FreeRtos/tasks.o
 .text.prvAddCurrentTaskToDelayedList
                0x00001072       0xb0 FreeRtos/tasks.o
 .text.xTaskCreate
                0x00001122       0xa8 FreeRtos/tasks.o
                0x00001122                xTaskCreate
 .text.vTaskDelete
                0x000011ca       0xa2 FreeRtos/tasks.o
                0x000011ca                vTaskDelete
 .text.vTaskStartScheduler
                0x0000126c       0x54 FreeRtos/tasks.o
                0x0000126c                vTaskStartScheduler
 .text.vTaskSuspendAll
                0x000012c0        0xc FreeRtos/tasks.o
                0x000012c0                vTaskSuspendAll
 .text.xTaskIncrementTick
                0x000012cc      0x174 FreeRtos/tasks.o
                0x000012cc                xTaskIncrementTick
 .text.xTaskResumeAll
                0x00001440       0xe4 FreeRtos/tasks.o
                0x00001440                xTaskResumeAll
 .text.vTaskDelay
                0x00001524       0x2c FreeRtos/tasks.o
                0x00001524                vTaskDelay
 .text.prvCheckTasksWaitingTermination
                0x00001550       0x5c FreeRtos/tasks.o
 .text.prvIdleTask
                0x000015ac        0x6 FreeRtos/tasks.o
 .text.vTaskSwitchContext
                0x000015b2       0xa8 FreeRtos/tasks.o
                0x000015b2                vTaskSwitchContext
 .text.vTaskPlaceOnEventList
                0x0000165a       0x24 FreeRtos/tasks.o
                0x0000165a                vTaskPlaceOnEventList
 .text.xTaskRemoveFromEventList
                0x0000167e       0x90 FreeRtos/tasks.o
                0x0000167e                xTaskRemoveFromEventList
 .text.vTaskSetTimeOutState
                0x0000170e       0x16 FreeRtos/tasks.o
                0x0000170e                vTaskSetTimeOutState
 .text.xTaskCheckForTimeOut
                0x00001724       0x72 FreeRtos/tasks.o
                0x00001724                xTaskCheckForTimeOut
 .text.vTaskMissedYield
                0x00001796        0x8 FreeRtos/tasks.o
                0x00001796                vTaskMissedYield
 .text.vTaskPriorityInherit
                0x0000179e       0xc4 FreeRtos/tasks.o
                0x0000179e                vTaskPriorityInherit
 .text.xTaskPriorityDisinherit
                0x00001862       0x80 FreeRtos/tasks.o
                0x00001862                xTaskPriorityDisinherit
 .text.pvTaskIncrementMutexHeldCount
                0x000018e2       0x24 FreeRtos/tasks.o
                0x000018e2                pvTaskIncrementMutexHeldCount
 .text.Buzzer_init
                0x00001906       0x2a HAL/BUZZER/buzzer.o
                0x00001906                Buzzer_init
 .text.Buzzer_on
                0x00001930       0x16 HAL/BUZZER/buzzer.o
                0x00001930                Buzzer_on
 .text.LCD_voidSHD
                0x00001946       0x64 HAL/LCD/LCD_prog.o
                0x00001946                LCD_voidSHD
 .text.LCD_voidSendEnable
                0x000019aa       0x22 HAL/LCD/LCD_prog.o
                0x000019aa                LCD_voidSendEnable
 .text.LCD_voidSendData
                0x000019cc       0x34 HAL/LCD/LCD_prog.o
                0x000019cc                LCD_voidSendData
 .text.LCD_voidSendCommand
                0x00001a00       0x34 HAL/LCD/LCD_prog.o
                0x00001a00                LCD_voidSendCommand
 .text.LCD_voidInit
                0x00001a34       0x3e HAL/LCD/LCD_prog.o
                0x00001a34                LCD_voidInit
 .text.LCD_voidSendString
                0x00001a72       0x26 HAL/LCD/LCD_prog.o
                0x00001a72                LCD_voidSendString
 .text.LCD_voidGotoxy
                0x00001a98       0x10 HAL/LCD/LCD_prog.o
                0x00001a98                LCD_voidGotoxy
 .text.LCD_voidSendNumber
                0x00001aa8       0x94 HAL/LCD/LCD_prog.o
                0x00001aa8                LCD_voidSendNumber
 .text.LED_voidLedOn
                0x00001b3c        0x8 HAL/LED/LED_prog.o
                0x00001b3c                LED_voidLedOn
 .text.ADC_voidInit
                0x00001b44       0x20 MCAL/ADC/ADC_prog.o
                0x00001b44                ADC_voidInit
 .text.ADC_u16ReadChannel
                0x00001b64       0x22 MCAL/ADC/ADC_prog.o
                0x00001b64                ADC_u16ReadChannel
 .text.DIO_voidSetPinDir
                0x00001b86       0xe6 MCAL/DIO/DIO_prog.o
                0x00001b86                DIO_voidSetPinDir
 .text.DIO_voidSetPinVal
                0x00001c6c       0xe6 MCAL/DIO/DIO_prog.o
                0x00001c6c                DIO_voidSetPinVal
 .text.DIO_voidSetPortDir
                0x00001d52       0x20 MCAL/DIO/DIO_prog.o
                0x00001d52                DIO_voidSetPortDir
 .text.TIMER0_voidFastPWM
                0x00001d72       0x44 MCAL/TIMER0/TIMER0_prog.o
                0x00001d72                TIMER0_voidFastPWM
 .text.__vector_10
                0x00001db6       0x4e MCAL/TIMER0/TIMER0_prog.o
                0x00001db6                __vector_10
 .text.UART_voidInit
                0x00001e04       0x16 MCAL/UART/UART_prog.o
                0x00001e04                UART_voidInit
 .text.UART_u8RX
                0x00001e1a        0x8 MCAL/UART/UART_prog.o
                0x00001e1a                UART_u8RX
 .text.avr-libc.fplib
                0x00001e22       0x5e c:/program files (x86)/atmel/studio/7.0/toolchain/avr8/avr8-gnu-toolchain/bin/../lib/gcc/avr/5.4.0/../../../../avr/lib/avr5\libm.a(fixunssfsi.o)
                0x00001e22                __fixunssfsi
 .text.avr-libc.fplib
                0x00001e80       0x7a c:/program files (x86)/atmel/studio/7.0/toolchain/avr8/avr8-gnu-toolchain/bin/../lib/gcc/avr/5.4.0/../../../../avr/lib/avr5\libm.a(floatsisf.o)
                0x00001e80                __floatunsisf
                0x00001e84                __floatsisf
 .text.avr-libc.fplib
                0x00001efa        0xc c:/program files (x86)/atmel/studio/7.0/toolchain/avr8/avr8-gnu-toolchain/bin/../lib/gcc/avr/5.4.0/../../../../avr/lib/avr5\libm.a(fp_inf.o)
                0x00001efa                __fp_inf
 .text.avr-libc.fplib
                0x00001f06        0x6 c:/program files (x86)/atmel/studio/7.0/toolchain/avr8/avr8-gnu-toolchain/bin/../lib/gcc/avr/5.4.0/../../../../avr/lib/avr5\libm.a(fp_nan.o)
                0x00001f06                __fp_nan
 .text.avr-libc.fplib
                0x00001f0c        0xe c:/program files (x86)/atmel/studio/7.0/toolchain/avr8/avr8-gnu-toolchain/bin/../lib/gcc/avr/5.4.0/../../../../avr/lib/avr5\libm.a(fp_pscA.o)
                0x00001f0c                __fp_pscA
 .text.avr-libc.fplib
                0x00001f1a        0xe c:/program files (x86)/atmel/studio/7.0/toolchain/avr8/avr8-gnu-toolchain/bin/../lib/gcc/avr/5.4.0/../../../../avr/lib/avr5\libm.a(fp_pscB.o)
                0x00001f1a                __fp_pscB
 .text.avr-libc.fplib
                0x00001f28       0x22 c:/program files (x86)/atmel/studio/7.0/toolchain/avr8/avr8-gnu-toolchain/bin/../lib/gcc/avr/5.4.0/../../../../avr/lib/avr5\libm.a(fp_round.o)
                0x00001f28                __fp_round
 .text.avr-libc.fplib
                0x00001f4a       0x44 c:/program files (x86)/atmel/studio/7.0/toolchain/avr8/avr8-gnu-toolchain/bin/../lib/gcc/avr/5.4.0/../../../../avr/lib/avr5\libm.a(fp_split3.o)
                0x00001f4a                __fp_split3
                0x00001f5a                __fp_splitA
 .text.avr-libc.fplib
                0x00001f8e        0xe c:/program files (x86)/atmel/studio/7.0/toolchain/avr8/avr8-gnu-toolchain/bin/../lib/gcc/avr/5.4.0/../../../../avr/lib/avr5\libm.a(fp_zero.o)
                0x00001f8e                __fp_zero
                0x00001f90                __fp_szero
 .text.avr-libc.fplib
                0x00001f9c        0x8 c:/program files (x86)/atmel/studio/7.0/toolchain/avr8/avr8-gnu-toolchain/bin/../lib/gcc/avr/5.4.0/../../../../avr/lib/avr5\libm.a(mulsf3.o)
                0x00001f9c                __mulsf3
 .text.avr-libc.fplib
                0x00001fa4       0xd2 c:/program files (x86)/atmel/studio/7.0/toolchain/avr8/avr8-gnu-toolchain/bin/../lib/gcc/avr/5.4.0/../../../../avr/lib/avr5\libm.a(mulsf3x.o)
                0x00001fc2                __mulsf3x
                0x00001fc8                __mulsf3_pse
 .text.libgcc.div
                0x00002076       0x44 c:/program files (x86)/atmel/studio/7.0/toolchain/avr8/avr8-gnu-toolchain/bin/../lib/gcc/avr/5.4.0/avr5\libgcc.a(_udivmodsi4.o)
                0x00002076                __udivmodsi4
 .text.avr-libc
                0x000020ba       0x12 c:/program files (x86)/atmel/studio/7.0/toolchain/avr8/avr8-gnu-toolchain/bin/../lib/gcc/avr/5.4.0/../../../../avr/lib/avr5\libc.a(memcpy.o)
                0x000020ba                memcpy
                0x000020cc                . = ALIGN (0x2)
 *(.fini9)
 .fini9         0x000020cc        0x0 c:/program files (x86)/atmel/studio/7.0/toolchain/avr8/avr8-gnu-toolchain/bin/../lib/gcc/avr/5.4.0/avr5\libgcc.a(_exit.o)
                0x000020cc                _exit
                0x000020cc                exit
 *(.fini9)
 *(.fini8)
 *(.fini8)
 *(.fini7)
 *(.fini7)
 *(.fini6)
 *(.fini6)
 *(.fini5)
 *(.fini5)
 *(.fini4)
 *(.fini4)
 *(.fini3)
 *(.fini3)
 *(.fini2)
 *(.fini2)
 *(.fini1)
 *(.fini1)
 *(.fini0)
 .fini0         0x000020cc        0x4 c:/program files (x86)/atmel/studio/7.0/toolchain/avr8/avr8-gnu-toolchain/bin/../lib/gcc/avr/5.4.0/avr5\libgcc.a(_exit.o)
 *(.fini0)
                0x000020d0                _etext = .

.data           0x00800060       0xd6 load address 0x000020d0
                0x00800060                PROVIDE (__data_start, .)
 *(.data)
 *(.data*)
 .data.xFreeBytesRemaining
                0x00800060        0x2 FreeRtos/heap_2.o
 *(.gnu.linkonce.d*)
 *(.rodata)
 *(.rodata*)
 .rodata.str1.1
                0x00800062       0xcf APP/TaskHandler.o
 .rodata.str1.1
                0x00800131        0x5 FreeRtos/tasks.o
 *(.gnu.linkonce.r*)
                0x00800136                . = ALIGN (0x2)
                0x00800136                _edata = .
                0x00800136                PROVIDE (__data_end, .)

.bss            0x00800136      0x46e
                0x00800136                PROVIDE (__bss_start, .)
 *(.bss)
 *(.bss*)
 .bss.xLCDHandle
                0x00800136        0x2 APP/TaskHandler.o
                0x00800136                xLCDHandle
 .bss.xHeapHasBeenInitialised.2079
                0x00800138        0x1 FreeRtos/heap_2.o
 .bss.xEnd      0x00800139        0x4 FreeRtos/heap_2.o
 .bss.xStart    0x0080013d        0x4 FreeRtos/heap_2.o
 .bss.ucHeap    0x00800141      0x3e8 FreeRtos/heap_2.o
 .bss.uxSchedulerSuspended
                0x00800529        0x1 FreeRtos/tasks.o
 .bss.xIdleTaskHandle
                0x0080052a        0x2 FreeRtos/tasks.o
 .bss.xNextTaskUnblockTime
                0x0080052c        0x2 FreeRtos/tasks.o
 .bss.uxTaskNumber
                0x0080052e        0x1 FreeRtos/tasks.o
 .bss.xNumOfOverflows
                0x0080052f        0x1 FreeRtos/tasks.o
 .bss.xYieldPending
                0x00800530        0x1 FreeRtos/tasks.o
 .bss.uxPendedTicks
                0x00800531        0x1 FreeRtos/tasks.o
 .bss.xSchedulerRunning
                0x00800532        0x1 FreeRtos/tasks.o
 .bss.uxTopReadyPriority
                0x00800533        0x1 FreeRtos/tasks.o
 .bss.xTickCount
                0x00800534        0x2 FreeRtos/tasks.o
 .bss.uxCurrentNumberOfTasks
                0x00800536        0x1 FreeRtos/tasks.o
 .bss.xSuspendedTaskList
                0x00800537        0x9 FreeRtos/tasks.o
 .bss.uxDeletedTasksWaitingCleanUp
                0x00800540        0x1 FreeRtos/tasks.o
 .bss.xTasksWaitingTermination
                0x00800541        0x9 FreeRtos/tasks.o
 .bss.xPendingReadyList
                0x0080054a        0x9 FreeRtos/tasks.o
 .bss.pxOverflowDelayedTaskList
                0x00800553        0x2 FreeRtos/tasks.o
 .bss.pxDelayedTaskList
                0x00800555        0x2 FreeRtos/tasks.o
 .bss.xDelayedTaskList2
                0x00800557        0x9 FreeRtos/tasks.o
 .bss.xDelayedTaskList1
                0x00800560        0x9 FreeRtos/tasks.o
 .bss.pxReadyTasksLists
                0x00800569       0x2d FreeRtos/tasks.o
 .bss.pxCurrentTCB
                0x00800596        0x2 FreeRtos/tasks.o
                0x00800596                pxCurrentTCB
 .bss.TIM0_PTR  0x00800598        0x4 MCAL/TIMER0/TIMER0_prog.o
                0x00800598                TIM0_PTR
 *(COMMON)
 COMMON         0x0080059c        0x8 APP/TaskHandler.o
                0x0080059c                tempQueue
                0x0080059e                PassCheckQueue
                0x008005a0                passQueue
                0x008005a2                lcdSemaphore
                0x008005a4                PROVIDE (__bss_end, .)
                0x000020d0                __data_load_start = LOADADDR (.data)
                0x000021a6                __data_load_end = (__data_load_start + SIZEOF (.data))

.noinit         0x008005a4        0x0
                [!provide]                PROVIDE (__noinit_start, .)
 *(.noinit*)
                [!provide]                PROVIDE (__noinit_end, .)
                0x008005a4                _end = .
                [!provide]                PROVIDE (__heap_start, .)

.eeprom         0x00810000        0x0
 *(.eeprom*)
                0x00810000                __eeprom_end = .

.fuse
 *(.fuse)
 *(.lfuse)
 *(.hfuse)
 *(.efuse)

.lock
 *(.lock*)

.signature
 *(.signature*)

.user_signatures
 *(.user_signatures*)

.stab
 *(.stab)

.stabstr
 *(.stabstr)

.stab.excl
 *(.stab.excl)

.stab.exclstr
 *(.stab.exclstr)

.stab.index
 *(.stab.index)

.stab.indexstr
 *(.stab.indexstr)

.comment        0x00000000       0x30
 *(.comment)
 .comment       0x00000000       0x30 APP/main.o
                                 0x31 (size before relaxing)
 .comment       0x00000030       0x31 APP/TaskHandler.o
 .comment       0x00000030       0x31 FreeRtos/heap_2.o
 .comment       0x00000030       0x31 FreeRtos/list.o
 .comment       0x00000030       0x31 FreeRtos/port.o
 .comment       0x00000030       0x31 FreeRtos/queue.o
 .comment       0x00000030       0x31 FreeRtos/tasks.o
 .comment       0x00000030       0x31 HAL/BUZZER/buzzer.o
 .comment       0x00000030       0x31 HAL/LCD/LCD_prog.o
 .comment       0x00000030       0x31 HAL/LED/LED_prog.o
 .comment       0x00000030       0x31 MCAL/ADC/ADC_prog.o
 .comment       0x00000030       0x31 MCAL/DIO/DIO_prog.o
 .comment       0x00000030       0x31 MCAL/TIMER0/TIMER0_prog.o
 .comment       0x00000030       0x31 MCAL/UART/UART_prog.o

.note.gnu.avr.deviceinfo
                0x00000000       0x3c
 .note.gnu.avr.deviceinfo
                0x00000000       0x3c C:/Program Files (x86)/Atmel/Studio/7.0/Packs/atmel/ATmega_DFP/1.7.374/gcc/dev/atmega32/avr5/crtatmega32.o

.note.gnu.build-id
 *(.note.gnu.build-id)

.debug
 *(.debug)

.line
 *(.line)

.debug_srcinfo
 *(.debug_srcinfo)

.debug_sfnames
 *(.debug_sfnames)

.debug_aranges  0x00000000      0x540
 *(.debug_aranges)
 .debug_aranges
                0x00000000       0x20 APP/main.o
 .debug_aranges
                0x00000020       0x50 APP/TaskHandler.o
 .debug_aranges
                0x00000070       0x40 FreeRtos/heap_2.o
 .debug_aranges
                0x000000b0       0x40 FreeRtos/list.o
 .debug_aranges
                0x000000f0       0x50 FreeRtos/port.o
 .debug_aranges
                0x00000140       0xe8 FreeRtos/queue.o
 .debug_aranges
                0x00000228      0x180 FreeRtos/tasks.o
 .debug_aranges
                0x000003a8       0x30 HAL/BUZZER/buzzer.o
 .debug_aranges
                0x000003d8       0x60 HAL/LCD/LCD_prog.o
 .debug_aranges
                0x00000438       0x30 HAL/LED/LED_prog.o
 .debug_aranges
                0x00000468       0x28 MCAL/ADC/ADC_prog.o
 .debug_aranges
                0x00000490       0x48 MCAL/DIO/DIO_prog.o
 .debug_aranges
                0x000004d8       0x38 MCAL/TIMER0/TIMER0_prog.o
 .debug_aranges
                0x00000510       0x30 MCAL/UART/UART_prog.o

.debug_pubnames
 *(.debug_pubnames)

.debug_info     0x00000000     0x56cf
 *(.debug_info .gnu.linkonce.wi.*)
 .debug_info    0x00000000      0x4e6 C:/Program Files (x86)/Atmel/Studio/7.0/Packs/atmel/ATmega_DFP/1.7.374/gcc/dev/atmega32/avr5/crtatmega32.o
 .debug_info    0x000004e6       0x65 APP/main.o
 .debug_info    0x0000054b      0xa0c APP/TaskHandler.o
 .debug_info    0x00000f57      0x329 FreeRtos/heap_2.o
 .debug_info    0x00001280      0x2cd FreeRtos/list.o
 .debug_info    0x0000154d      0x24e FreeRtos/port.o
 .debug_info    0x0000179b     0x146f FreeRtos/queue.o
 .debug_info    0x00002c0a     0x1c9f FreeRtos/tasks.o
 .debug_info    0x000048a9      0x1b7 HAL/BUZZER/buzzer.o
 .debug_info    0x00004a60      0x5fe HAL/LCD/LCD_prog.o
 .debug_info    0x0000505e      0x191 HAL/LED/LED_prog.o
 .debug_info    0x000051ef       0xc4 MCAL/ADC/ADC_prog.o
 .debug_info    0x000052b3      0x1e9 MCAL/DIO/DIO_prog.o
 .debug_info    0x0000549c      0x14f MCAL/TIMER0/TIMER0_prog.o
 .debug_info    0x000055eb       0xe4 MCAL/UART/UART_prog.o

.debug_abbrev   0x00000000     0x13ea
 *(.debug_abbrev)
 .debug_abbrev  0x00000000      0x4a3 C:/Program Files (x86)/Atmel/Studio/7.0/Packs/atmel/ATmega_DFP/1.7.374/gcc/dev/atmega32/avr5/crtatmega32.o
 .debug_abbrev  0x000004a3       0x58 APP/main.o
 .debug_abbrev  0x000004fb      0x142 APP/TaskHandler.o
 .debug_abbrev  0x0000063d      0x1a0 FreeRtos/heap_2.o
 .debug_abbrev  0x000007dd       0xf8 FreeRtos/list.o
 .debug_abbrev  0x000008d5      0x143 FreeRtos/port.o
 .debug_abbrev  0x00000a18      0x211 FreeRtos/queue.o
 .debug_abbrev  0x00000c29      0x2bf FreeRtos/tasks.o
 .debug_abbrev  0x00000ee8       0x71 HAL/BUZZER/buzzer.o
 .debug_abbrev  0x00000f59      0x1a1 HAL/LCD/LCD_prog.o
 .debug_abbrev  0x000010fa       0x80 HAL/LED/LED_prog.o
 .debug_abbrev  0x0000117a       0x6d MCAL/ADC/ADC_prog.o
 .debug_abbrev  0x000011e7       0xa9 MCAL/DIO/DIO_prog.o
 .debug_abbrev  0x00001290       0xda MCAL/TIMER0/TIMER0_prog.o
 .debug_abbrev  0x0000136a       0x80 MCAL/UART/UART_prog.o

.debug_line     0x00000000     0x3295
 *(.debug_line .debug_line.* .debug_line_end)
 .debug_line    0x00000000      0x116 C:/Program Files (x86)/Atmel/Studio/7.0/Packs/atmel/ATmega_DFP/1.7.374/gcc/dev/atmega32/avr5/crtatmega32.o
 .debug_line    0x00000116       0x56 APP/main.o
 .debug_line    0x0000016c      0x440 APP/TaskHandler.o
 .debug_line    0x000005ac      0x29e FreeRtos/heap_2.o
 .debug_line    0x0000084a      0x1d2 FreeRtos/list.o
 .debug_line    0x00000a1c      0x2a4 FreeRtos/port.o
 .debug_line    0x00000cc0      0xaaa FreeRtos/queue.o
 .debug_line    0x0000176a     0x1178 FreeRtos/tasks.o
 .debug_line    0x000028e2       0xc4 HAL/BUZZER/buzzer.o
 .debug_line    0x000029a6      0x38e HAL/LCD/LCD_prog.o
 .debug_line    0x00002d34       0xc5 HAL/LED/LED_prog.o
 .debug_line    0x00002df9       0xc4 MCAL/ADC/ADC_prog.o
 .debug_line    0x00002ebd      0x1dc MCAL/DIO/DIO_prog.o
 .debug_line    0x00003099      0x12d MCAL/TIMER0/TIMER0_prog.o
 .debug_line    0x000031c6       0xcf MCAL/UART/UART_prog.o

.debug_frame    0x00000000      0xecc
 *(.debug_frame)
 .debug_frame   0x00000000       0x24 APP/main.o
 .debug_frame   0x00000024       0xe4 APP/TaskHandler.o
 .debug_frame   0x00000108       0x8c FreeRtos/heap_2.o
 .debug_frame   0x00000194       0x88 FreeRtos/list.o
 .debug_frame   0x0000021c       0x84 FreeRtos/port.o
 .debug_frame   0x000002a0      0x340 FreeRtos/queue.o
 .debug_frame   0x000005e0      0x5c4 FreeRtos/tasks.o
 .debug_frame   0x00000ba4       0x44 HAL/BUZZER/buzzer.o
 .debug_frame   0x00000be8      0x118 HAL/LCD/LCD_prog.o
 .debug_frame   0x00000d00       0x44 HAL/LED/LED_prog.o
 .debug_frame   0x00000d44       0x34 MCAL/ADC/ADC_prog.o
 .debug_frame   0x00000d78       0x74 MCAL/DIO/DIO_prog.o
 .debug_frame   0x00000dec       0x9c MCAL/TIMER0/TIMER0_prog.o
 .debug_frame   0x00000e88       0x44 MCAL/UART/UART_prog.o

.debug_str      0x00000000     0x18f1
 *(.debug_str)
 .debug_str     0x00000000      0x196 C:/Program Files (x86)/Atmel/Studio/7.0/Packs/atmel/ATmega_DFP/1.7.374/gcc/dev/atmega32/avr5/crtatmega32.o
 .debug_str     0x00000196      0x122 APP/main.o
 .debug_str     0x000002b8      0x2c4 APP/TaskHandler.o
                                0x417 (size before relaxing)
 .debug_str     0x0000057c      0x18c FreeRtos/heap_2.o
                                0x318 (size before relaxing)
 .debug_str     0x00000708      0x13c FreeRtos/list.o
                                0x2cf (size before relaxing)
 .debug_str     0x00000844      0x11f FreeRtos/port.o
                                0x2c8 (size before relaxing)
 .debug_str     0x00000963      0x4fc FreeRtos/queue.o
                                0x813 (size before relaxing)
 .debug_str     0x00000e5f      0x7c3 FreeRtos/tasks.o
                                0xcdb (size before relaxing)
 .debug_str     0x00001622       0x34 HAL/BUZZER/buzzer.o
                                0x1e4 (size before relaxing)
 .debug_str     0x00001656      0x107 HAL/LCD/LCD_prog.o
                                0x31b (size before relaxing)
 .debug_str     0x0000175d       0x63 HAL/LED/LED_prog.o
                                0x20b (size before relaxing)
 .debug_str     0x000017c0       0x26 MCAL/ADC/ADC_prog.o
                                0x1ce (size before relaxing)
 .debug_str     0x000017e6       0x72 MCAL/DIO/DIO_prog.o
                                0x246 (size before relaxing)
 .debug_str     0x00001858       0x6f MCAL/TIMER0/TIMER0_prog.o
                                0x213 (size before relaxing)
 .debug_str     0x000018c7       0x2a MCAL/UART/UART_prog.o
                                0x1d6 (size before relaxing)

.debug_loc      0x00000000     0x4da2
 *(.debug_loc)
 .debug_loc     0x00000000      0x1a4 APP/TaskHandler.o
 .debug_loc     0x000001a4      0x2a8 FreeRtos/heap_2.o
 .debug_loc     0x0000044c      0x145 FreeRtos/list.o
 .debug_loc     0x00000591      0x2a0 FreeRtos/port.o
 .debug_loc     0x00000831     0x1b8d FreeRtos/queue.o
 .debug_loc     0x000023be     0x1f4f FreeRtos/tasks.o
 .debug_loc     0x0000430d      0x571 HAL/LCD/LCD_prog.o
 .debug_loc     0x0000487e       0xc6 HAL/LED/LED_prog.o
 .debug_loc     0x00004944       0x21 MCAL/ADC/ADC_prog.o
 .debug_loc     0x00004965      0x30c MCAL/DIO/DIO_prog.o
 .debug_loc     0x00004c71      0x131 MCAL/TIMER0/TIMER0_prog.o

.debug_macinfo
 *(.debug_macinfo)

.debug_weaknames
 *(.debug_weaknames)

.debug_funcnames
 *(.debug_funcnames)

.debug_typenames
 *(.debug_typenames)

.debug_varnames
 *(.debug_varnames)

.debug_pubtypes
 *(.debug_pubtypes)

.debug_ranges   0x00000000      0x4e8
 *(.debug_ranges)
 .debug_ranges  0x00000000       0x10 APP/main.o
 .debug_ranges  0x00000010       0x40 APP/TaskHandler.o
 .debug_ranges  0x00000050       0x30 FreeRtos/heap_2.o
 .debug_ranges  0x00000080       0x30 FreeRtos/list.o
 .debug_ranges  0x000000b0       0x40 FreeRtos/port.o
 .debug_ranges  0x000000f0      0x120 FreeRtos/queue.o
 .debug_ranges  0x00000210      0x1b0 FreeRtos/tasks.o
 .debug_ranges  0x000003c0       0x20 HAL/BUZZER/buzzer.o
 .debug_ranges  0x000003e0       0x50 HAL/LCD/LCD_prog.o
 .debug_ranges  0x00000430       0x20 HAL/LED/LED_prog.o
 .debug_ranges  0x00000450       0x18 MCAL/ADC/ADC_prog.o
 .debug_ranges  0x00000468       0x38 MCAL/DIO/DIO_prog.o
 .debug_ranges  0x000004a0       0x28 MCAL/TIMER0/TIMER0_prog.o
 .debug_ranges  0x000004c8       0x20 MCAL/UART/UART_prog.o

.debug_macro
 *(.debug_macro)
OUTPUT(SmartHome(RTOS).elf elf32-avr)
LOAD linker stubs
